Traceback (most recent call last):
  File "/opt/hostedtoolcache/Python/3.8.18/x64/lib/python3.8/site-packages/jupyter_core/utils/__init__.py", line 154, in wrapped
    asyncio.get_running_loop()
RuntimeError: no running event loop

During handling of the above exception, another exception occurred:

Traceback (most recent call last):
  File "/opt/hostedtoolcache/Python/3.8.18/x64/lib/python3.8/site-packages/jupyter_cache/executors/utils.py", line 58, in single_nb_execution
    executenb(
  File "/opt/hostedtoolcache/Python/3.8.18/x64/lib/python3.8/site-packages/nbclient/client.py", line 1305, in execute
    return NotebookClient(nb=nb, resources=resources, km=km, **kwargs).execute()
  File "/opt/hostedtoolcache/Python/3.8.18/x64/lib/python3.8/site-packages/jupyter_core/utils/__init__.py", line 158, in wrapped
    return loop.run_until_complete(inner)
  File "/opt/hostedtoolcache/Python/3.8.18/x64/lib/python3.8/asyncio/base_events.py", line 616, in run_until_complete
    return future.result()
  File "/opt/hostedtoolcache/Python/3.8.18/x64/lib/python3.8/site-packages/nbclient/client.py", line 705, in async_execute
    await self.async_execute_cell(
  File "/opt/hostedtoolcache/Python/3.8.18/x64/lib/python3.8/site-packages/nbclient/client.py", line 1058, in async_execute_cell
    await self._check_raise_for_error(cell, cell_index, exec_reply)
  File "/opt/hostedtoolcache/Python/3.8.18/x64/lib/python3.8/site-packages/nbclient/client.py", line 914, in _check_raise_for_error
    raise CellExecutionError.from_cell_and_msg(cell, exec_reply_content)
nbclient.exceptions.CellExecutionError: An error occurred while executing the following cell:
------------------
from sparse_ir.spr import SparsePoleRepresentation
sp = SparsePoleRepresentation(basis_b, omega_p)
gl_pole2 = sp.to_IR(coeff)

plt.semilogy(np.abs(gl_pole2), marker="x", label=r"$|g_l|$ from SPR")
plt.semilogy(np.abs(gl_pole), marker="x", label=r"$|g_l|$")


plt.xlabel(r"$l$")
plt.ylim([1e-5, 1e+1])
plt.legend()
plt.show()
------------------


[0;31m---------------------------------------------------------------------------[0m
[0;31mModuleNotFoundError[0m                       Traceback (most recent call last)
Cell [0;32mIn[2], line 1[0m
[0;32m----> 1[0m [38;5;28;01mfrom[39;00m[38;5;250m [39m[38;5;21;01msparse_ir[39;00m[38;5;21;01m.[39;00m[38;5;21;01mspr[39;00m[38;5;250m [39m[38;5;28;01mimport[39;00m SparsePoleRepresentation
[1;32m      2[0m sp [38;5;241m=[39m SparsePoleRepresentation(basis_b, omega_p)
[1;32m      3[0m gl_pole2 [38;5;241m=[39m sp[38;5;241m.[39mto_IR(coeff)

[0;31mModuleNotFoundError[0m: No module named 'sparse_ir.spr'

